exports[`test Correct drawing of Diagram 1`] = `
<div
  className="container">
  <div
    className="diagram">
    <div
      className="row">
      <div
        className="col-xs-12 offset-sm-3 col-sm-6 offset-lg-4 col-lg-4 offset-uhd-5 col-uhd-2">
        <canvas
          id="pieChart" />
      </div>
    </div>
  </div>
</div>
`;
