exports[`test Render DashboardView Header 1`] = `
<div
  className="col-xs-12 col-sm-6 col-md-4 col-lg-3">
  <a
    href="/#/product/0"
    title="Details for Testproduct 5000 14E-17B">
    <div
      className="card ProductCard ProductCard_RUNNING">
      <h4
        className="card-title ProductCardTitle ProductCardTitle_RUNNING">
        Testproduct 5000 14E-17B
      </h4>
      <ul>
        <li
          className="ProductCardInformationLine PCIL_serialNumber">
          9830510416
        </li>
        <li
          className="ProductCardInformationLine PCIL_quantity">
          52189
        </li>
        <li
          className="ProductCardInformationLine PCIL_date">
          2016-05-07
        </li>
        <li
          className="ProductCardInformationLine PCIL_errorQuantity">
          84
        </li>
      </ul>
    </div>
  </a>
</div>
`;
