exports[`test Rendering of ConfigurationHeader 1`] = `
<div
  className="row col-12 d-flex justify-content-center">
  <div
    className="col-3 d-flex">
    <div
      className="form-group">
      <label
        htmlFor="codingPlugSelection">
        CP:
      </label>
      <select
        id="codingPlugSelection"
        onChange={[Function]}
        value="10">
        <option>
          10
        </option>
        <option>
          20
        </option>
        <option>
          30
        </option>
      </select>
    </div>
  </div>
  <div
    className="col-3 d-flex justify-content-around">
    <div
      className="form-group">
      <label
        htmlFor="softwareVersionSelection">
        SW:
      </label>
      <select
        id="softwareVersionSelection"
        onChange={[Function]}
        value="1">
        <option>
          1
        </option>
        <option>
          4
        </option>
        <option>
          1.1
        </option>
        <option>
          1.2
        </option>
        <option>
          4.1
        </option>
      </select>
    </div>
  </div>
</div>
`;
