exports[`test Rendering of EventTable 1`] = `
<div
  className="container event-table-container">
  <table
    className="table">
    <thead
      className="event-table-header thead">
      <tr>
        <th>
          #
        </th>
        <th>
          ErrorCode
        </th>
        <th>
          ErrorDescription
        </th>
        <th>
          PossibleFix
        </th>
        <th>
          DeviceID
        </th>
        <th>
          DeviceLocation
        </th>
        <th>
          SoftwareVersion
        </th>
        <th>
          DateOfServiceIntervention
        </th>
      </tr>
    </thead>
    <tbody>
      <tr>
        <th
          scope="row">
          5
        </th>
        <td>
          404
        </td>
        <td>
          Product not found.
        </td>
        <td>
          Search for it.
        </td>
        <td>
          666
        </td>
        <td>
          Not known.
        </td>
        <td>
          0.0.4.alpha
        </td>
        <td>
          2016-11-02T00:00:00.000+0200
        </td>
      </tr>
    </tbody>
  </table>
</div>
`;
