exports[`test Rendering of FilterBar 1`] = `
<div
  className="filter-bar container">
  <div
    className="form-group row">
    <div
      className="input-field input-group col-xs-12 col-sm-4 col-lg-3">
      <span
        className="input-group-addon"
        id="search-addon">
        <i
          className="fa fa-search" />
      </span>
      <input
        className="form-control"
        onChange={[Function]}
        placeholder="Search..."
        type="text"
        value={undefined} />
    </div>
  </div>
</div>
`;
