exports[`test Rendering of ProductView 1`] = `
<div>
  <div>
    <header>
      <div
        className="container">
        <div
          className="row d-flex align-items-center">
          <div
            className="hidden-xs-down col-sm-1 d-flex justify-content-center">
            <a
              href="/">
              <i
                className="home-button fa fa-home" />
            </a>
          </div>
          <div
            className="col-xs-12 col-sm-10 d-flex justify-content-around">
            <h1
              className="dashboard-title">
              Testproduct 30X 1W1-PSB
            </h1>
          </div>
          <div
            className="hidden-xs-down col-sm-1 d-flex justify-content-around">
            <div
              className="status-point d-flex align-items-center error">
              <svg
                className="status-point"
                viewBox="0 0 42 42">
                <circle
                  className="status-point-shadow"
                  cx="21"
                  cy="21"
                  r="21" />
                <circle
                  className="status-point"
                  cx="20"
                  cy="20"
                  r="20" />
              </svg>
            </div>
          </div>
        </div>
      </div>
    </header>
    <div
      className="query-interface">
      <div>
        <button
          className="btn btn-primary"
          data-target="#query-interface-modal"
          data-toggle="modal"
          type="button">
          Create new query
        </button>
        <div
          className="query-interface modal fade"
          id="query-interface-modal"
          role="dialog"
          tabIndex="-1">
          <div
            className="modal-dialog"
            role="document">
            <div
              className="modal-content">
              <div
                className="modal-header">
                <h5
                  className="modal-title"
                  id="query-interface-label">
                  Create new query
                </h5>
                <button
                  className="close"
                  data-dismiss="modal"
                  type="button">
                  <span>
                    ×
                  </span>
                </button>
              </div>
              <div
                className="modal-body">
                <div
                  className="query-interface-header">
                  <div
                    className="form-group">
                    <input
                      className="form-control"
                      id="query-name"
                      placeholder="Name"
                      type="text" />
                  </div>
                  <div
                    className="query-interface-header-attribute form-group row">
                    <div
                      className="col-6">
                      <input
                        className="form-control"
                        id="example-text-input"
                        onChange={[Function]}
                        placeholder="Attribute name"
                        type="text"
                        value="timestamp" />
                    </div>
                    <div
                      className="col-6">
                      <select
                        className="form-control"
                        id="exampleSelect1"
                        onChange={[Function]}
                        value="Date">
                        <option>
                          String
                        </option>
                        <option>
                          Boolean
                        </option>
                        <option>
                          Integer
                        </option>
                        <option>
                          Float
                        </option>
                      </select>
                    </div>
                  </div>
                  <div
                    className="query-interface-header-attribute form-group row">
                    <div
                      className="col-6">
                      <input
                        className="form-control"
                        id="example-text-input"
                        onChange={[Function]}
                        placeholder="Attribute name"
                        type="text"
                        value="productId" />
                    </div>
                    <div
                      className="col-6">
                      <select
                        className="form-control"
                        id="exampleSelect1"
                        onChange={[Function]}
                        value="Integer">
                        <option>
                          String
                        </option>
                        <option>
                          Boolean
                        </option>
                        <option>
                          Integer
                        </option>
                        <option>
                          Float
                        </option>
                      </select>
                    </div>
                  </div>
                  <div
                    className="query-interface-header-attribute form-group row">
                    <div
                      className="col-6">
                      <input
                        className="form-control"
                        id="example-text-input"
                        onChange={[Function]}
                        placeholder="Attribute name"
                        type="text"
                        value="productFamilyId" />
                    </div>
                    <div
                      className="col-6">
                      <select
                        className="form-control"
                        id="exampleSelect1"
                        onChange={[Function]}
                        value="String">
                        <option>
                          String
                        </option>
                        <option>
                          Boolean
                        </option>
                        <option>
                          Integer
                        </option>
                        <option>
                          Float
                        </option>
                      </select>
                    </div>
                  </div>
                </div>
                <div
                  className="form-group">
                  <label
                    className="form-control-label"
                    htmlFor="event-query">
                    Event Query
                  </label>
                  <textarea
                    className="form-control"
                    id="event-query"
                    onChange={[Function]}
                    rows="8"
                    type="text"
                    value="INSERT INTO {NAME}[timestamp: Date, productId: Integer, productFamilyId: String] SELECT timestamp, productId, ProductFamilyId FROM ErrorEvents" />
                </div>
                <p>
                  
                </p>
              </div>
              <div
                className="modal-footer">
                <button
                  className="btn btn-primary"
                  onClick={[Function]}
                  type="button">
                  Save
                </button>
              </div>
            </div>
          </div>
        </div>
      </div>
    </div>
    <div
      className="detail-area container">
      <div
        className="row detail-row">
        <div
          className="detail-area-block col-xs-12 col-sm-6">
          <div>
            <div
              className="row">
              <h2
                className="col area-title">
                Produkt Details
              </h2>
            </div>
            <div
              className="row">
              <p
                className="col-4">
                Marke:
              </p>
              <p
                className="col">
                Testbrand1
              </p>
            </div>
            <div
              className="row">
              <p
                className="col-4">
                Produktfamilie:
              </p>
              <p
                className="col">
                Testproduct 30X 1W1-PSB
              </p>
            </div>
            <div
              className="row">
              <p
                className="col-4">
                Seriennummer:
              </p>
              <p
                className="col">
                0
              </p>
            </div>
          </div>
        </div>
        <div
          className="detail-area-block col-xs-12 col-sm-6">
          <div>
            <h2
              className="area-title">
              Mögliche Fehlerursachen
            </h2>
            <ol>
              <li>
                <h4>
                  ...
                </h4>
              </li>
              <li>
                <h4>
                  ...
                </h4>
              </li>
              <li>
                <h4>
                  ...
                </h4>
              </li>
            </ol>
          </div>
        </div>
      </div>
    </div>
    <div
      className="filter-bar container">
      <div
        className="form-group row">
        <div
          className="filter input-group col-xs-12 col-sm-4 col-lg-3">
          <span
            className="input-group-addon"
            id="search-addon">
            <i
              className="fa fa-search" />
          </span>
          <input
            className="form-control"
            onChange={[Function]}
            placeholder="Search..."
            type="text"
            value={undefined} />
        </div>
      </div>
    </div>
    <div
      className="tab-bar container">
      <ul
        className="nav nav-tabs border-0"
        role="tablist">
        <li
          className="tab nav-item">
          <a
            className="nav-link"
            data-toggle="tab"
            href="#Error Events"
            onClick={[Function]}
            role="tab">
            Error Events
          </a>
        </li>
      </ul>
    </div>
    <div
      className="container event-table-container">
      <table
        className="table">
        <thead
          className="event-table-header thead">
          <tr>
            <th>
              #
            </th>
            <th>
              ErrorCode
            </th>
            <th>
              ErrorDescription
            </th>
            <th>
              PossibleFix
            </th>
            <th>
              DeviceID
            </th>
            <th>
              DeviceLocation
            </th>
            <th>
              SoftwareVersion
            </th>
          </tr>
        </thead>
        <tbody>
          <tr>
            <th
              scope="row">
              0
            </th>
            <td>
              404
            </td>
            <td>
              Product not found.
            </td>
            <td>
              Search for it.
            </td>
            <td>
              666
            </td>
            <td>
              Not known.
            </td>
            <td>
              0.0.4.alpha
            </td>
          </tr>
        </tbody>
      </table>
    </div>
  </div>
</div>
`;

exports[`test Rendering of ProductView 2`] = `
<div>
  <div
    className="critical-error">
    <i
      className="fa fa-exclamation-triangle warning-sign" />
    <p>
      404
    </p>
  </div>
</div>
`;
